// Jest Snapshot v1, https://goo.gl/fbAQLP

exports[`render component correctly matches snapshot 1`] = `
<div
  className="Layout__PageWrapperStyle-iMhhJx jVLYWQ"
>
  <div
    className="Layout__PageHeaderStyle-iGolPb jBPoCI"
  >
    <p
      className="Layout__PageHeaderTitleStyle-dWMwjR hsLeeO"
    />
    <div
      className="Layout__PageHeaderActionsStyle-eysiui fAXKb"
    >
      <i
        className="ion-funnel"
      />
      <div
        className="Button__ButtonsGroupStyle-kpiclP cdhXmK"
      >
        <button
          className="Button__ButtonStyle-coFSWz coAhhp"
          data-filter="paid"
          onClick={[Function]}
        >
          paid
        </button>
        <button
          className="Button__ButtonStyle-coFSWz coAhhp"
          data-filter="pending"
          onClick={[Function]}
        >
          pending
        </button>
        <button
          className="Button__ButtonStyle-coFSWz coAhhp"
          data-filter="refunded"
          onClick={[Function]}
        >
          refunded
        </button>
        <button
          className="Button__ButtonStyle-coFSWz coAhhp"
          data-filter="cancelled"
          onClick={[Function]}
        >
          cancelled
        </button>
      </div>
    </div>
  </div>
  <div
    className="Layout__PageContentStyle-dERDcF ciKDVW"
  >
    <div
      className="row"
    >
      <div
        className="col-lg-6"
      >
        <div
          className="Invoice__Wrapper-cjNJPS coWKLW"
        >
          <div
            className="Invoice__StatusBar-jBWtSa joKiG"
          />
          <div
            className="Invoice__Header-cGSpHV gmDFcR"
          >
            <div
              className="Invoice__Status-fxIELu bbALRd"
            >
              <span>
                <i
                  className="ion-loop"
                />
              </span>
            </div>
            <div
              className="Invoice__ButtonsGroup-PwNbx emusdh"
            >
              <button
                className="Button__ButtonLinkStyle-caVwCA imXwRc"
                onClick={[Function]}
              >
                <i
                  className="ion-ios-copy"
                />
              </button>
              <button
                className="Button__ButtonLinkStyle-caVwCA imXwRc"
                onClick={[Function]}
              >
                <i
                  className="ion-trash-a"
                />
              </button>
            </div>
          </div>
          <div
            className="Invoice__Body-eBItTh igYqzw"
          >
            <div
              className="Invoice__Row-hFNBjq cQdnct"
            >
              <div
                className="Invoice__Field-cZpgXH fDrpWO"
              >
                <label />
                <h2>
                  Penelope Hettinger
                </h2>
              </div>
            </div>
            <div
              className="Invoice__Row-hFNBjq cQdnct"
            >
              <div
                className="Invoice__Field-cZpgXH fDrpWO"
              >
                <label />
                <p>
                  first-in
                </p>
              </div>
              <div
                className="Invoice__Field-cZpgXH fDrpWO"
              >
                <label />
                <p>
                  USD
                   
                  3,843.00
                   
                </p>
              </div>
            </div>
            <div
              className="Invoice__Row-hFNBjq cQdnct"
            >
              <div
                className="Invoice__Field-cZpgXH fDrpWO"
              >
                <label />
                <p>
                  2018-03-21T18:42:56+07:00
                </p>
              </div>
              <div
                className="Invoice__Field-cZpgXH fDrpWO"
              >
                <label />
                <p />
              </div>
            </div>
          </div>
          <div
            className="Invoice__Footer-dcHDEd cJiGTY"
          >
            <div>
              <div
                className="SplitButton__Wrapper-jsRMIo gVGdJM"
              >
                <div
                  className="SplitButton__ButtonsGroup-hdzsBq dhTQNh"
                >
                  <a
                    href="#"
                    onClick={[Function]}
                  />
                  <a
                    href="#"
                    onClick={[Function]}
                  >
                    <i
                      className="ion-arrow-down-b"
                    />
                  </a>
                </div>
              </div>
            </div>
            <button
              className="Button__ButtonStyle-coFSWz coAhhp"
              onClick={[Function]}
            />
            <button
              className="Button__ButtonStyle-coFSWz coAhhp"
              onClick={[Function]}
            />
          </div>
        </div>
      </div>
      <div
        className="col-lg-6"
      >
        <div
          className="Invoice__Wrapper-cjNJPS coWKLW"
        >
          <div
            className="Invoice__StatusBar-jBWtSa ePnrEY"
          />
          <div
            className="Invoice__Header-cGSpHV gmDFcR"
          >
            <div
              className="Invoice__Status-fxIELu bhzHkr"
            >
              <span>
                <i
                  className="ion-arrow-return-left"
                />
              </span>
            </div>
            <div
              className="Invoice__ButtonsGroup-PwNbx emusdh"
            >
              <button
                className="Button__ButtonLinkStyle-caVwCA imXwRc"
                onClick={[Function]}
              >
                <i
                  className="ion-ios-copy"
                />
              </button>
              <button
                className="Button__ButtonLinkStyle-caVwCA imXwRc"
                onClick={[Function]}
              >
                <i
                  className="ion-trash-a"
                />
              </button>
            </div>
          </div>
          <div
            className="Invoice__Body-eBItTh igYqzw"
          >
            <div
              className="Invoice__Row-hFNBjq cQdnct"
            >
              <div
                className="Invoice__Field-cZpgXH fDrpWO"
              >
                <label />
                <h2>
                  Penelope Hettinger
                </h2>
              </div>
            </div>
            <div
              className="Invoice__Row-hFNBjq cQdnct"
            >
              <div
                className="Invoice__Field-cZpgXH fDrpWO"
              >
                <label />
                <p>
                  second-i
                </p>
              </div>
              <div
                className="Invoice__Field-cZpgXH fDrpWO"
              >
                <label />
                <p>
                  USD
                   
                  3,843.00
                   
                </p>
              </div>
            </div>
            <div
              className="Invoice__Row-hFNBjq cQdnct"
            >
              <div
                className="Invoice__Field-cZpgXH fDrpWO"
              >
                <label />
                <p>
                  2018-03-21T18:42:56+07:00
                </p>
              </div>
              <div
                className="Invoice__Field-cZpgXH fDrpWO"
              >
                <label />
                <p />
              </div>
            </div>
          </div>
          <div
            className="Invoice__Footer-dcHDEd cJiGTY"
          >
            <div>
              <div
                className="SplitButton__Wrapper-jsRMIo gVGdJM"
              >
                <div
                  className="SplitButton__ButtonsGroup-hdzsBq dhTQNh"
                >
                  <a
                    href="#"
                    onClick={[Function]}
                  />
                  <a
                    href="#"
                    onClick={[Function]}
                  >
                    <i
                      className="ion-arrow-down-b"
                    />
                  </a>
                </div>
              </div>
            </div>
            <button
              className="Button__ButtonStyle-coFSWz coAhhp"
              onClick={[Function]}
            />
            <button
              className="Button__ButtonStyle-coFSWz coAhhp"
              onClick={[Function]}
            />
          </div>
        </div>
      </div>
      <div
        className="col-lg-6"
      >
        <div
          className="Invoice__Wrapper-cjNJPS coWKLW"
        >
          <div
            className="Invoice__StatusBar-jBWtSa SnHNo"
          />
          <div
            className="Invoice__Header-cGSpHV gmDFcR"
          >
            <div
              className="Invoice__Status-fxIELu lkqwu"
            >
              <span>
                <i
                  className="ion-checkmark"
                />
              </span>
            </div>
            <div
              className="Invoice__ButtonsGroup-PwNbx emusdh"
            >
              <button
                className="Button__ButtonLinkStyle-caVwCA imXwRc"
                onClick={[Function]}
              >
                <i
                  className="ion-ios-copy"
                />
              </button>
              <button
                className="Button__ButtonLinkStyle-caVwCA imXwRc"
                onClick={[Function]}
              >
                <i
                  className="ion-trash-a"
                />
              </button>
            </div>
          </div>
          <div
            className="Invoice__Body-eBItTh igYqzw"
          >
            <div
              className="Invoice__Row-hFNBjq cQdnct"
            >
              <div
                className="Invoice__Field-cZpgXH fDrpWO"
              >
                <label />
                <h2>
                  Penelope Hettinger
                </h2>
              </div>
            </div>
            <div
              className="Invoice__Row-hFNBjq cQdnct"
            >
              <div
                className="Invoice__Field-cZpgXH fDrpWO"
              >
                <label />
                <p>
                  third-in
                </p>
              </div>
              <div
                className="Invoice__Field-cZpgXH fDrpWO"
              >
                <label />
                <p>
                  USD
                   
                  3,843.00
                   
                </p>
              </div>
            </div>
            <div
              className="Invoice__Row-hFNBjq cQdnct"
            >
              <div
                className="Invoice__Field-cZpgXH fDrpWO"
              >
                <label />
                <p>
                  2018-03-21T18:42:56+07:00
                </p>
              </div>
              <div
                className="Invoice__Field-cZpgXH fDrpWO"
              >
                <label />
                <p />
              </div>
            </div>
          </div>
          <div
            className="Invoice__Footer-dcHDEd cJiGTY"
          >
            <div>
              <div
                className="SplitButton__Wrapper-jsRMIo gVGdJM"
              >
                <div
                  className="SplitButton__ButtonsGroup-hdzsBq dhTQNh"
                >
                  <a
                    href="#"
                    onClick={[Function]}
                  />
                  <a
                    href="#"
                    onClick={[Function]}
                  >
                    <i
                      className="ion-arrow-down-b"
                    />
                  </a>
                </div>
              </div>
            </div>
            <button
              className="Button__ButtonStyle-coFSWz coAhhp"
              onClick={[Function]}
            />
            <button
              className="Button__ButtonStyle-coFSWz coAhhp"
              onClick={[Function]}
            />
          </div>
        </div>
      </div>
      <div
        className="col-lg-6"
      >
        <div
          className="Invoice__Wrapper-cjNJPS coWKLW"
        >
          <div
            className="Invoice__StatusBar-jBWtSa ttyPp"
          />
          <div
            className="Invoice__Header-cGSpHV gmDFcR"
          >
            <div
              className="Invoice__Status-fxIELu eMUCie"
            >
              <span>
                <i
                  className="ion-backspace"
                />
              </span>
            </div>
            <div
              className="Invoice__ButtonsGroup-PwNbx emusdh"
            >
              <button
                className="Button__ButtonLinkStyle-caVwCA imXwRc"
                onClick={[Function]}
              >
                <i
                  className="ion-ios-copy"
                />
              </button>
              <button
                className="Button__ButtonLinkStyle-caVwCA imXwRc"
                onClick={[Function]}
              >
                <i
                  className="ion-trash-a"
                />
              </button>
            </div>
          </div>
          <div
            className="Invoice__Body-eBItTh igYqzw"
          >
            <div
              className="Invoice__Row-hFNBjq cQdnct"
            >
              <div
                className="Invoice__Field-cZpgXH fDrpWO"
              >
                <label />
                <h2>
                  Penelope Hettinger
                </h2>
              </div>
            </div>
            <div
              className="Invoice__Row-hFNBjq cQdnct"
            >
              <div
                className="Invoice__Field-cZpgXH fDrpWO"
              >
                <label />
                <p>
                  fourth-i
                </p>
              </div>
              <div
                className="Invoice__Field-cZpgXH fDrpWO"
              >
                <label />
                <p>
                  USD
                   
                  3,843.00
                   
                </p>
              </div>
            </div>
            <div
              className="Invoice__Row-hFNBjq cQdnct"
            >
              <div
                className="Invoice__Field-cZpgXH fDrpWO"
              >
                <label />
                <p>
                  2018-03-21T18:42:56+07:00
                </p>
              </div>
              <div
                className="Invoice__Field-cZpgXH fDrpWO"
              >
                <label />
                <p />
              </div>
            </div>
          </div>
          <div
            className="Invoice__Footer-dcHDEd cJiGTY"
          >
            <div>
              <div
                className="SplitButton__Wrapper-jsRMIo gVGdJM"
              >
                <div
                  className="SplitButton__ButtonsGroup-hdzsBq dhTQNh"
                >
                  <a
                    href="#"
                    onClick={[Function]}
                  />
                  <a
                    href="#"
                    onClick={[Function]}
                  >
                    <i
                      className="ion-arrow-down-b"
                    />
                  </a>
                </div>
              </div>
            </div>
            <button
              className="Button__ButtonStyle-coFSWz coAhhp"
              onClick={[Function]}
            />
            <button
              className="Button__ButtonStyle-coFSWz coAhhp"
              onClick={[Function]}
            />
          </div>
        </div>
      </div>
    </div>
  </div>
</div>
`;
