// Jest Snapshot v1, https://goo.gl/fbAQLP

exports[`Renders correctly to the DOM matches snapshot 1`] = `
<div
  className="Section__SectionStyle-dgSKSv cwfAAu"
>
  <div
    className="Section__HeaderStyle-chmDx gHBKbw"
  >
    <label
      className="itemLabel"
    />
  </div>
  <div
    className="Part__PartStyle-kAWmVX iwwkMM"
  >
    <div
      className="Part__RowStyle-nLRvo cGeXDT"
    >
      <div
        className="Part__FieldStyle-dkcwja bIqrsv"
      >
        <label
          className="itemLabel"
        />
        <select
          name="code"
          onChange={[Function]}
          value="USD"
        >
          <option
            value="AFN"
          >
            Afghan Afghani
          </option>
          <option
            value="ALL"
          >
            Albanian Lek
          </option>
          <option
            value="DZD"
          >
            Algerian Dinar
          </option>
          <option
            value="ARS"
          >
            Argentine Peso
          </option>
          <option
            value="AMD"
          >
            Armenian Dram
          </option>
          <option
            value="AUD"
          >
            Australian Dollar
          </option>
          <option
            value="AZN"
          >
            Azerbaijani Manat
          </option>
          <option
            value="BHD"
          >
            Bahraini Dinar
          </option>
          <option
            value="BDT"
          >
            Bangladeshi Taka
          </option>
          <option
            value="BYR"
          >
            Belarusian Ruble
          </option>
          <option
            value="BZD"
          >
            Belize Dollar
          </option>
          <option
            value="BOB"
          >
            Bolivian Boliviano
          </option>
          <option
            value="BAM"
          >
            Bosnia-Herzegovina Convertible Mark
          </option>
          <option
            value="BWP"
          >
            Botswanan Pula
          </option>
          <option
            value="BRL"
          >
            Brazilian Real
          </option>
          <option
            value="GBP"
          >
            British Pound Sterling
          </option>
          <option
            value="BND"
          >
            Brunei Dollar
          </option>
          <option
            value="BGN"
          >
            Bulgarian Lev
          </option>
          <option
            value="BIF"
          >
            Burundian Franc
          </option>
          <option
            value="XOF"
          >
            CFA Franc BCEAO
          </option>
          <option
            value="XAF"
          >
            CFA Franc BEAC
          </option>
          <option
            value="KHR"
          >
            Cambodian Riel
          </option>
          <option
            value="CAD"
          >
            Canadian Dollar
          </option>
          <option
            value="CVE"
          >
            Cape Verdean Escudo
          </option>
          <option
            value="CLP"
          >
            Chilean Peso
          </option>
          <option
            value="CNY"
          >
            Chinese Yuan
          </option>
          <option
            value="COP"
          >
            Colombian Peso
          </option>
          <option
            value="KMF"
          >
            Comorian Franc
          </option>
          <option
            value="CDF"
          >
            Congolese Franc
          </option>
          <option
            value="CRC"
          >
            Costa Rican Colón
          </option>
          <option
            value="HRK"
          >
            Croatian Kuna
          </option>
          <option
            value="CZK"
          >
            Czech Republic Koruna
          </option>
          <option
            value="DKK"
          >
            Danish Krone
          </option>
          <option
            value="DJF"
          >
            Djiboutian Franc
          </option>
          <option
            value="DOP"
          >
            Dominican Peso
          </option>
          <option
            value="EGP"
          >
            Egyptian Pound
          </option>
          <option
            value="ERN"
          >
            Eritrean Nakfa
          </option>
          <option
            value="EEK"
          >
            Estonian Kroon
          </option>
          <option
            value="ETB"
          >
            Ethiopian Birr
          </option>
          <option
            value="EUR"
          >
            Euro
          </option>
          <option
            value="GEL"
          >
            Georgian Lari
          </option>
          <option
            value="GHS"
          >
            Ghanaian Cedi
          </option>
          <option
            value="GTQ"
          >
            Guatemalan Quetzal
          </option>
          <option
            value="GNF"
          >
            Guinean Franc
          </option>
          <option
            value="HNL"
          >
            Honduran Lempira
          </option>
          <option
            value="HKD"
          >
            Hong Kong Dollar
          </option>
          <option
            value="HUF"
          >
            Hungarian Forint
          </option>
          <option
            value="ISK"
          >
            Icelandic Króna
          </option>
          <option
            value="INR"
          >
            Indian Rupee
          </option>
          <option
            value="IDR"
          >
            Indonesian Rupiah
          </option>
          <option
            value="IRR"
          >
            Iranian Rial
          </option>
          <option
            value="IQD"
          >
            Iraqi Dinar
          </option>
          <option
            value="ILS"
          >
            Israeli New Sheqel
          </option>
          <option
            value="JMD"
          >
            Jamaican Dollar
          </option>
          <option
            value="JPY"
          >
            Japanese Yen
          </option>
          <option
            value="JOD"
          >
            Jordanian Dinar
          </option>
          <option
            value="KZT"
          >
            Kazakhstani Tenge
          </option>
          <option
            value="KES"
          >
            Kenyan Shilling
          </option>
          <option
            value="KWD"
          >
            Kuwaiti Dinar
          </option>
          <option
            value="LVL"
          >
            Latvian Lats
          </option>
          <option
            value="LBP"
          >
            Lebanese Pound
          </option>
          <option
            value="LYD"
          >
            Libyan Dinar
          </option>
          <option
            value="LTL"
          >
            Lithuanian Litas
          </option>
          <option
            value="MOP"
          >
            Macanese Pataca
          </option>
          <option
            value="MKD"
          >
            Macedonian Denar
          </option>
          <option
            value="MGA"
          >
            Malagasy Ariary
          </option>
          <option
            value="MYR"
          >
            Malaysian Ringgit
          </option>
          <option
            value="MUR"
          >
            Mauritian Rupee
          </option>
          <option
            value="MXN"
          >
            Mexican Peso
          </option>
          <option
            value="MDL"
          >
            Moldovan Leu
          </option>
          <option
            value="MAD"
          >
            Moroccan Dirham
          </option>
          <option
            value="MZN"
          >
            Mozambican Metical
          </option>
          <option
            value="MMK"
          >
            Myanma Kyat
          </option>
          <option
            value="NAD"
          >
            Namibian Dollar
          </option>
          <option
            value="NPR"
          >
            Nepalese Rupee
          </option>
          <option
            value="TWD"
          >
            New Taiwan Dollar
          </option>
          <option
            value="NZD"
          >
            New Zealand Dollar
          </option>
          <option
            value="NIO"
          >
            Nicaraguan Córdoba
          </option>
          <option
            value="NGN"
          >
            Nigerian Naira
          </option>
          <option
            value="NOK"
          >
            Norwegian Krone
          </option>
          <option
            value="OMR"
          >
            Omani Rial
          </option>
          <option
            value="PKR"
          >
            Pakistani Rupee
          </option>
          <option
            value="PAB"
          >
            Panamanian Balboa
          </option>
          <option
            value="PYG"
          >
            Paraguayan Guarani
          </option>
          <option
            value="PEN"
          >
            Peruvian Nuevo Sol
          </option>
          <option
            value="PHP"
          >
            Philippine Peso
          </option>
          <option
            value="PLN"
          >
            Polish Zloty
          </option>
          <option
            value="QAR"
          >
            Qatari Rial
          </option>
          <option
            value="RON"
          >
            Romanian Leu
          </option>
          <option
            value="RUB"
          >
            Russian Ruble
          </option>
          <option
            value="RWF"
          >
            Rwandan Franc
          </option>
          <option
            value="SAR"
          >
            Saudi Riyal
          </option>
          <option
            value="RSD"
          >
            Serbian Dinar
          </option>
          <option
            value="SGD"
          >
            Singapore Dollar
          </option>
          <option
            value="SOS"
          >
            Somali Shilling
          </option>
          <option
            value="ZAR"
          >
            South African Rand
          </option>
          <option
            value="KRW"
          >
            South Korean Won
          </option>
          <option
            value="LKR"
          >
            Sri Lankan Rupee
          </option>
          <option
            value="SDG"
          >
            Sudanese Pound
          </option>
          <option
            value="SEK"
          >
            Swedish Krona
          </option>
          <option
            value="CHF"
          >
            Swiss Franc
          </option>
          <option
            value="SYP"
          >
            Syrian Pound
          </option>
          <option
            value="TZS"
          >
            Tanzanian Shilling
          </option>
          <option
            value="THB"
          >
            Thai Baht
          </option>
          <option
            value="TOP"
          >
            Tongan Paʻanga
          </option>
          <option
            value="TTD"
          >
            Trinidad and Tobago Dollar
          </option>
          <option
            value="TND"
          >
            Tunisian Dinar
          </option>
          <option
            value="TRY"
          >
            Turkish Lira
          </option>
          <option
            value="USD"
          >
            US Dollar
          </option>
          <option
            value="UGX"
          >
            Ugandan Shilling
          </option>
          <option
            value="UAH"
          >
            Ukrainian Hryvnia
          </option>
          <option
            value="AED"
          >
            United Arab Emirates Dirham
          </option>
          <option
            value="UYU"
          >
            Uruguayan Peso
          </option>
          <option
            value="UZS"
          >
            Uzbekistan Som
          </option>
          <option
            value="VEF"
          >
            Venezuelan Bolívar
          </option>
          <option
            value="VND"
          >
            Vietnamese Dong
          </option>
          <option
            value="YER"
          >
            Yemeni Rial
          </option>
          <option
            value="ZMW"
          >
            Zambian Kwacha
          </option>
        </select>
      </div>
      <div
        className="Part__FieldStyle-dkcwja bIqrsv"
      >
        <label
          className="itemLabel"
        />
        <select
          name="separator"
          onChange={[Function]}
          value="commaDot"
        >
          <option
            value="commaDot"
          >
            1,999.000 (
            )
          </option>
          <option
            value="dotComma"
          >
            1.999,000 (
            )
          </option>
          <option
            value="spaceDot"
          >
            1 999.000 (
            )
          </option>
        </select>
      </div>
    </div>
    <div
      className="Part__RowStyle-nLRvo cGeXDT"
    >
      <div
        className="Part__FieldStyle-dkcwja bIqrsv"
      >
        <label
          className="itemLabel"
        />
        <select
          name="placement"
          onChange={[Function]}
          value="before"
        >
          <option
            value="before"
          />
          <option
            value="after"
          />
        </select>
      </div>
      <div
        className="Part__FieldStyle-dkcwja bIqrsv"
      >
        <label
          className="itemLabel"
        />
        <input
          className="form-control"
          name="fraction"
          onChange={[Function]}
          type="number"
          value={2}
        />
      </div>
    </div>
  </div>
</div>
`;
