// Jest Snapshot v1, https://goo.gl/fbAQLP

exports[`Renders correctly to the DOM matches snapshot 1`] = `
<div
  className="ItemRow__ItemDiv-khgvaQ zZjdV"
>
  <div
    className="dragHandler"
  >
    <i
      className="ion-grid"
    />
  </div>
  <div
    className="flex3"
  >
    <input
      className="ItemRow__ItemDivInput-bHPGoF iXxPpt"
      name="description"
      onChange={[Function]}
      onKeyDown={[Function]}
      placeholder={undefined}
      type="text"
      value="iPhone X"
    />
  </div>
  <div
    className="flex1"
  >
    <input
      className="ItemRow__ItemDivInput-bHPGoF iXxPpt"
      name="price"
      onChange={[Function]}
      onKeyDown={[Function]}
      placeholder={undefined}
      step="0.01"
      type="number"
      value={999}
    />
  </div>
  <div
    className="flex1"
  >
    <input
      className="ItemRow__ItemDivInput-bHPGoF iXxPpt"
      name="quantity"
      onChange={[Function]}
      onKeyDown={[Function]}
      placeholder={undefined}
      step="0.01"
      type="number"
      value={1}
    />
  </div>
  <div
    className="ItemRow__ItemActions-eRHgOi gPzpEq"
  >
    <a
      className="ItemRow__ItemRemoveBtn-kcypni jGmowk"
      href="#"
      onClick={[Function]}
    >
      <i
        className="ion-close-circled"
      />
    </a>
  </div>
</div>
`;
